
> wishperchat@0.1.0 build
> next build

node.exe : ΓÜá Warning: 
Next.js inferred your 
workspace root, but it 
may not be correct.
At line:1 char:1
+ & "C:\Program 
Files\nodejs/node.exe" "C:
\Users\anupa\AppData\Roami
ng\ ...
+ ~~~~~~~~~~~~~~~~~~~~~~~~
~~~~~~~~~~~~~~~~~~~~~~~~~~
~~~~~~~~~~~~~~~~~~~
    + CategoryInfo        
      : NotSpecified: (Γ  
  Üá Warning: Ne...not    
 be correct.:String) [    
], RemoteException
    + FullyQualifiedError 
   Id : NativeCommandErr  
  or
 
 We detected multiple 
lockfiles and selected 
the directory of C:\Users\
anupa\pnpm-lock.yaml as 
the root directory.
 To silence this warning, 
set `turbopack.root` in 
your Next.js config, or 
consider removing one of 
the lockfiles if it's not 
needed.
   See https://nextjs.org/
docs/app/api-reference/con
fig/next-config-js/turbopa
ck#root-directory for 
more information.
 Detected additional 
lockfiles: 
   * C:\Users\anupa\OneDri
ve\Documents\OneDrive\Desk
top\wishperchat\package-lo
ck.json

Γû▓ Next.js 16.1.6 (Turbopack)

  Creating an optimized production build ...
Γ£ô Compiled successfully in 13.8s
  Running TypeScript ...
Failed to compile.

./app/room/[code]/page.tsx
:589:17
Type error: Type 
'(content: string, type?: 
"text" | "whisper", 
selfDestructDelay?: 
number, isViewOnce?: 
boolean, recipientId?: 
string) => void' is not 
assignable to type 
'(content: string, type: 
"text" | "whisper" | 
"sticker", selfDestruct?: 
number | undefined, 
isViewOnce?: boolean | 
undefined, recipientId?: 
string | undefined) => 
void'.
  Types of parameters 
'type' and 'type' are 
incompatible.
    Type '"text" | 
"whisper" | "sticker"' is 
not assignable to type 
'"text" | "whisper" | 
undefined'.
      Type '"sticker"' is 
not assignable to type 
'"text" | "whisper" | 
undefined'.

[0m [90m 587 |[39m
 [90m 588 |[39m         
      [33m<[39m[33mChat
Input[39m
[31m[1m>[22m[39m[90m 
589 |[39m                
 onSendMessage[33m=[39m{
handleSendMessage}
 [90m     |[39m         
        
[31m[1m^[22m[39m
 [90m 590 |[39m         
        onSendFile[33m=[
39m{handleSendFile}
 [90m 591 |[39m         
        onTyping[33m=[39
m{handleTyping}
 [90m 592 |[39m         
        replyTarget[33m=
[39m{replyTarget}[0m
Next.js build worker 
exited with code: 1 and 
signal: null
